[0;33mError in class: [0m[0;31mnro.models.server.ServerManager[0m[0;33m - in method: [0m[0;31mmain
[0m[0;33mError details:
[0m[0;31mjava.util.NoSuchElementException: No line found
[0m[0;31m	at java.base/java.util.Scanner.nextLine(Scanner.java:1660)
[0m[0;31m	at nro.models.server.ServerManager.activeCommandLine(ServerManager.java:311)
[0m[0;31m	at nro.models.server.ServerManager.main(ServerManager.java:97)
[0m[0;31mSuccessfully loaded file properties!
[0m--------------------------------------------------------
[0;32m[0;35mSuccessfully loaded part (2099)
[0m[0;32m[0;31mSuccessfully loaded bg item template (597)
[0m[0;32m[0;35mSuccessfully loaded arr head 2 frames (52)
[0m[0;32m[0;31mSuccessfully loaded clan (1), clan next id: 1
[0m[0;32m[0;35mSuccessfully loaded skill (3)
[0m[0;32m[0;31mSuccessfully loaded head avatar (496)
[0m[0;32m[0;35mSuccessfully loaded flag bag (156)
[0m[0;32m[0;31mSuccessfully loaded intrinsic (208)
[0m[0;32m[0;35mSuccessfully loaded task (30)
[0m[0;32m[0;31mSuccessfully loaded side task (59)
[0m[0;32m[0;35mSuccessfully loaded task badges (18)
[0m[0;32m[0;31mSuccessfully loaded clan task (59)
[0m[0;32m[0;35mSuccessfully loaded achievement (20)
[0m[0;32m[0;31mSuccessfully loaded map item template (2005 items)
[0m[0;32m[0;35mSuccessfully loaded map item option template (255)
[0m[0;32m[0;31mSuccessfully loaded shop (33)
[0m[0;32m[0;35mSuccessfully loaded notify (0)
[0m[0;32m[0;31mSuccessfully loaded images by name (146)
[0m[0;32m[0;35mSuccessfully loaded mount (46)
[0m[0;32m[0;31mSuccessfully loaded Consign Item (3)
[0m[0;32m[0;35mSuccessfully loaded mob template (119)
[0m[0;32m[0;31mSuccessfully loaded npc template (93)
[0m[0;32m[0;35mSuccessfully loaded badges template (19)
[0m[0;32m[0;31mSuccessfully loaded map template (169)
[0m[0;32m[0;35mSuccessfully loaded radar template (21)
[0m[0;32m[0;31mSuccessfully loaded giftcode (7)
[0m[0;32m[0;35mSuccessfully Top Su Kien (2)
[0m[0;32m[0;31mSuccessfully top Thach Dau Whis (2)
[0m[0;35mTotal database loading time: 1125 (ms)
[0m[0;32m[0;31mUpdate maps thread started success!
[0m[0;32mServer initialized and listening on port 14445
[0m[0;33m[8:40] - Player Login: admin: 58 ms
[0m[0;32m[0;35madmin: Data update successfully....[0m
[0;32m[0;35m8h46m: Player admin save successfully! 25ms
[0m[0;35mB?t ??u l?ch b?o trì t? database.
[0m[0;33mB?t ??u ??m ng??c 10s b?o trì[0m[0;33mH? th?ng s? b?o trì sau 10 giây n?a. Hãy thoát game ?? tránh m?t d? li?u.[0m[0;33mH? th?ng s? b?o trì sau 9 giây n?a. Hãy thoát game ?? tránh m?t d? li?u.[0m[0;33mH? th?ng s? b?o trì sau 8 giây n?a. Hãy thoát game ?? tránh m?t d? li?u.[0m[0;33mH? th?ng s? b?o trì sau 7 giây n?a. Hãy thoát game ?? tránh m?t d? li?u.[0m[0;33mH? th?ng s? b?o trì sau 6 giây n?a. Hãy thoát game ?? tránh m?t d? li?u.[0m[0;33mH? th?ng s? b?o trì sau 5 giây n?a. Hãy thoát game ?? tránh m?t d? li?u.[0m[0;33mH? th?ng s? b?o trì sau 4 giây n?a. Hãy thoát game ?? tránh m?t d? li?u.[0m[0;33mH? th?ng s? b?o trì sau 3 giây n?a. Hãy thoát game ?? tránh m?t d? li?u.[0m[0;33mH? th?ng s? b?o trì sau 2 giây n?a. Hãy thoát game ?? tránh m?t d? li?u.[0m[0;33mH? th?ng s? b?o trì sau 1 giây n?a. Hãy thoát game ?? tránh m?t d? li?u.[0m[0;33mB?O TRÌ B?T ??U
[0m[0;33mBEGIN KICK OUT SESSION 0
[0m[0;32mSUCCESSFUL
[0m[0;32mSUCCESSFULLY MAINTENANCE!
[0m