[0;33mError in class: [0m[0;31mnro.models.server.ServerManager[0m[0;33m - in method: [0m[0;31mmain
[0m[0;33mError details:
[0m[0;31mSuccessfully loaded file properties!
[0m[0;31mjava.util.NoSuchElementException: No line found
[0m[0;31m	at java.base/java.util.Scanner.nextLine(Scanner.java:1660)
[0m[0;31m	at nro.models.server.ServerManager.activeCommandLine(ServerManager.java:311)
[0m[0;31m	at nro.models.server.ServerManager.main(ServerManager.java:97)
[0m--------------------------------------------------------
[0;32m[0;35mSuccessfully loaded part (2099)
[0m[0;32m[0;31mSuccessfully loaded bg item template (597)
[0m[0;32m[0;35mSuccessfully loaded arr head 2 frames (52)
[0m[0;32m[0;31mSuccessfully loaded clan (1), clan next id: 1
[0m[0;32m[0;35mSuccessfully loaded skill (3)
[0m[0;32m[0;31mSuccessfully loaded head avatar (496)
[0m[0;32m[0;35mSuccessfully loaded flag bag (156)
[0m[0;32m[0;31mSuccessfully loaded intrinsic (208)
[0m[0;32m[0;35mSuccessfully loaded task (30)
[0m[0;32m[0;31mSuccessfully loaded side task (59)
[0m[0;32m[0;35mSuccessfully loaded task badges (18)
[0m[0;32m[0;31mSuccessfully loaded clan task (59)
[0m[0;32m[0;35mSuccessfully loaded achievement (20)
[0m[0;32m[0;31mSuccessfully loaded map item template (2006 items)
[0m[0;32m[0;35mSuccessfully loaded map item option template (255)
[0m[0;32m[0;31mSuccessfully loaded shop (33)
[0m[0;32m[0;35mSuccessfully loaded notify (0)
[0m[0;32m[0;31mSuccessfully loaded images by name (146)
[0m[0;32m[0;35mSuccessfully loaded mount (46)
[0m[0;32m[0;31mSuccessfully loaded Consign Item (3)
[0m[0;32m[0;35mSuccessfully loaded mob template (119)
[0m[0;32m[0;31mSuccessfully loaded npc template (93)
[0m[0;32m[0;35mSuccessfully loaded badges template (19)
[0m[0;32m[0;31mSuccessfully loaded map template (169)
[0m[0;32m[0;35mSuccessfully loaded radar template (21)
[0m[0;32m[0;31mSuccessfully loaded giftcode (7)
[0m[0;32m[0;35mSuccessfully Top Su Kien (3)
[0m[0;32m[0;31mSuccessfully top Thach Dau Whis (3)
[0m[0;35mTotal database loading time: 943 (ms)
[0m[0;32m[0;31mUpdate maps thread started success!
[0m[0;32mServer initialized and listening on port 14445
[0m[0;33m[13:56] - Player Login: admin: 54 ms
[0m[0;32m[0;35madmin: Data update successfully....[0m
[0;32m[0;35m13h57m: Player admin save successfully! 21ms
[0m[0;33m??a ch? 127.0.0.1 ?ang t?i d? li?u
[0m[0;33m??a ch? 127.0.0.1 ?ang t?i d? li?u
[0m[0;33m??a ch? 127.0.0.1 ?ang t?i d? li?u
[0m[0;33m[13:57] - Player Login: admin: 20 ms
[0m[0;32m[0;35madmin: Data update successfully....[0m
[0;32m[0;35m13h57m: Player admin save successfully! 6ms
[0m[0;33m[14:11] - Player Login: admin: 20 ms
[0m